// Jest Snapshot v1, https://goo.gl/fbAQLP

exports[`Testing al cliente Es Esteban? 1`] = `
{
  "balance": 500,
  "nombre": "Carlos Esteban",
  "tipo": "Premium",
}
`;
